Array test
----------

Exact type and size

[1,2,3]
1.12.23.3
1234
1.12.23.34.4

Any type, exact size

[1,2,3]
[1.1,2.2,3.3]
1234
1.12.23.34.4

Exact type, any size

[1,2,3]
[1.1,2.2,3.3]
[1,2,3,4]
1.12.23.34.4

Any type and size

[1,2,3]
[1.1,2.2,3.3]
[1,2,3,4]
[1.1,2.2,3.3,4.4]

Any type

[1,2,3]
[1.1,2.2,3.3]
[1,2,3,4]
[1.1,2.2,3.3,4.4]

Array 2D test
-------------

-------------
|'O'|'X'|'O'|
-------------
|'X'|'X'|'O'|
-------------
|'O'|'O'|'X'|
-------------

Array 3D test
-------------

--- Boards ---

-------
|X|O|X|
-------
|O|X|O|
-------
|X|O|X|
-------

-------
|X|X|X|
-------
|X|O|X|
-------
|X|X|X|
-------

-------
|O|X|O|
-------
|X|X|X|
-------
|O|X|O|
-------

--- Boards ---

Pair test
---------

[1,A]

Array of pair test
------------------

([1,A] - [2,B] - [3,C])

Complex test
------------

[1.23,2.34]

Vector test
-----------

[A,B,C]

Vector of pair test
-------------------

[1,A]
[2,B]
[3,C]

Vector of vector test
---------------------

-------------
|'X'|'O'|'X'|
-------------
|'O'|'X'|'O'|
-------------
|'X'|'O'|'X'|
-------------

Sequence
--------

|'X'|'O'|'X'|


List test
-----------

[A,B,C]

Deque test
----------

[A,B,C]

Set test
-----------

[A,B,C]

Multiset test
-----------

[A,B,C]

Map test
-----------

[1 => A]
[2 => B]
[3 => C]


Multimap test
-----------

[1 => A]
[2 => B]
[3 => C]


Bitset test
-----------

[1,0,1,0,1,1,0,0]

Dynamic bitset test
-------------------

[1,0,1,0,1,1,0,0]

